{"level":"info","time":"2026-08-21T05:08:07Z","message":"Thank you for trying Cloudflare Tunnel. Doing so, without a Cloudflare account, is a quick way to experiment and try it out. However, be aware that these account-less Tunnels have no uptime guarantee, are subject to the Cloudflare Online Services Terms of Use (https://www.cloudflare.com/website-terms/), and Cloudflare reserves the right to investigate your use of Tunnels for violations of such terms. If you intend to use Tunnels in production you should use a pre-created named tunnel by following: https://developers.cloudflare.com/cloudflare-one/connections/connect-apps"}
{"level":"info","time":"2026-08-21T05:08:07Z","message":"Requesting new quick Tunnel on trycloudflare.com..."}
{"level":"info","time":"2026-08-21T05:08:12Z","message":"+--------------------------------------------------------------------------------------------+"}
{"level":"info","time":"2026-08-21T05:08:13Z","message":"|  Your quick Tunnel has been created! Visit it at (it may take some time to be reachable):  |"}
{"level":"info","time":"2026-08-21T05:08:13Z","message":"|  https://sacrifice-ace-ranks-june.trycloudflare.com                                        |"}
{"level":"info","time":"2026-08-21T05:08:13Z","message":"+--------------------------------------------------------------------------------------------+"}
{"level":"info","time":"2026-08-21T05:08:13Z","message":"Cannot determine default configuration path. No file [config.yml config.yaml] in [~/.cloudflared ~/.cloudflare-warp ~/cloudflare-warp]"}
{"level":"info","time":"2026-08-21T05:08:14Z","message":"Version 2026.8.2 (Checksum c29eee2b121f5436a642eed69fd9767da7e7b8c510fa50aaa130337f931357b5)"}
{"level":"info","time":"2026-08-21T05:08:14Z","message":"GOOS: windows, GOVersion: go1.26.4, GoArch: amd64"}
{"level":"info","time":"2026-08-21T05:08:14Z","message":"Settings: map[ha-connections:1 logfile:C:\\Users\\Admin\\Desktop\\SUTRA\\infra\\tunnel\\tunnel.log protocol:quic url:http://localhost:5173]"}
{"level":"info","time":"2026-08-21T05:08:14Z","message":"cloudflared will not automatically update on Windows systems."}
{"level":"info","time":"2026-08-21T05:08:14Z","message":"Generated Connector ID: f3534c65-08a8-4013-b48f-51e0e0b01256"}
{"level":"info","time":"2026-08-21T05:08:15Z","message":"Initial protocol quic"}
{"level":"info","time":"2026-08-21T05:08:15Z","message":"ICMP proxy will use 192.168.119.119 as source for IPv4"}
{"level":"info","time":"2026-08-21T05:08:15Z","message":"ICMP proxy will use ::1 in zone Loopback Pseudo-Interface 1 as source for IPv6"}
{"level":"info","time":"2026-08-21T05:08:15Z","message":"cloudflared does not support loading the system root certificate pool on Windows. Please use --origin-ca-pool <PATH> to specify the path to the certificate pool"}
{"level":"info","time":"2026-08-21T05:08:15Z","message":"+-------------------------------------------------------------------------------------+"}
{"level":"info","time":"2026-08-21T05:08:15Z","message":"|                               CONNECTIVITY PRE-CHECKS                               |"}
{"level":"info","event":0,"ip":"198.41.192.227","connIndex":0,"time":"2026-08-21T05:08:15Z","message":"Tunnel connection curve preferences: [X25519MLKEM768 CurveID(65074) CurveP256]"}
{"level":"info","time":"2026-08-21T05:08:15Z","message":"ICMP proxy will use 192.168.119.119 as source for IPv4"}
{"level":"info","time":"2026-08-21T05:08:15Z","message":"+-------------------------------------------------------------------------------------+"}
{"level":"info","time":"2026-08-21T05:08:16Z","message":"|  COMPONENT         TARGET                     STATUS  DETAILS                       |"}
{"level":"info","time":"2026-08-21T05:08:16Z","message":"|  DNS Resolution    region1.v2.argotunnel.com  PASS    DNS Resolved successfully     |"}
{"level":"info","time":"2026-08-21T05:08:16Z","message":"ICMP proxy will use ::1 in zone Loopback Pseudo-Interface 1 as source for IPv6"}
{"level":"info","time":"2026-08-21T05:08:16Z","message":"Starting metrics server on 127.0.0.1:20241/metrics"}
{"level":"info","time":"2026-08-21T05:08:16Z","message":"|  DNS Resolution    region2.v2.argotunnel.com  PASS    DNS Resolved successfully     |"}
{"level":"info","time":"2026-08-21T05:08:16Z","message":"|  UDP Connectivity  region1.v2.argotunnel.com  PASS    QUIC connection successful    |"}
{"level":"info","time":"2026-08-21T05:08:16Z","message":"|  UDP Connectivity  region2.v2.argotunnel.com  PASS    QUIC connection successful    |"}
{"level":"info","event":0,"connection":"737167ae-e7dd-4106-837a-8c2885690e72","connIndex":0,"location":"bom03","ip":"198.41.192.227","protocol":"quic","time":"2026-08-21T05:08:16Z","message":"Registered tunnel connection"}
{"level":"info","time":"2026-08-21T05:08:16Z","message":"|  TCP Connectivity  region1.v2.argotunnel.com  PASS    HTTP/2 connection successful  |"}
{"level":"info","time":"2026-08-21T05:08:16Z","message":"|  TCP Connectivity  region2.v2.argotunnel.com  PASS    HTTP/2 connection successful  |"}
{"level":"info","time":"2026-08-21T05:08:16Z","message":"|  Cloudflare API    api.cloudflare.com:443     PASS    API is reachable              |"}
{"level":"info","time":"2026-08-21T05:08:16Z","message":"|                                                                                     |"}
{"level":"info","time":"2026-08-21T05:08:16Z","message":"|  SUMMARY: Environment is healthy. cloudflared will use 'quic' as primary protocol.  |"}
{"level":"info","time":"2026-08-21T05:08:16Z","message":"+-------------------------------------------------------------------------------------+"}
{"level":"info","run_id":"6f659671-135b-499b-b77e-f1a2129818ed","component":"DNS Resolution","target":"region1.v2.argotunnel.com","status":"pass","details":"DNS Resolved successfully","time":"2026-08-21T05:08:16Z","message":"precheck"}
{"level":"info","run_id":"6f659671-135b-499b-b77e-f1a2129818ed","component":"DNS Resolution","target":"region2.v2.argotunnel.com","status":"pass","details":"DNS Resolved successfully","time":"2026-08-21T05:08:17Z","message":"precheck"}
{"level":"info","run_id":"6f659671-135b-499b-b77e-f1a2129818ed","component":"UDP Connectivity","target":"region1.v2.argotunnel.com","status":"pass","details":"QUIC connection successful","time":"2026-08-21T05:08:17Z","message":"precheck"}
{"level":"info","run_id":"6f659671-135b-499b-b77e-f1a2129818ed","component":"UDP Connectivity","target":"region2.v2.argotunnel.com","status":"pass","details":"QUIC connection successful","time":"2026-08-21T05:08:17Z","message":"precheck"}
{"level":"info","run_id":"6f659671-135b-499b-b77e-f1a2129818ed","component":"TCP Connectivity","target":"region1.v2.argotunnel.com","status":"pass","details":"HTTP/2 connection successful","time":"2026-08-21T05:08:17Z","message":"precheck"}
{"level":"info","run_id":"6f659671-135b-499b-b77e-f1a2129818ed","component":"TCP Connectivity","target":"region2.v2.argotunnel.com","status":"pass","details":"HTTP/2 connection successful","time":"2026-08-21T05:08:17Z","message":"precheck"}
{"level":"info","run_id":"6f659671-135b-499b-b77e-f1a2129818ed","component":"Cloudflare API","target":"api.cloudflare.com:443","status":"pass","details":"API is reachable","time":"2026-08-21T05:08:17Z","message":"precheck"}
{"level":"info","run_id":"6f659671-135b-499b-b77e-f1a2129818ed","hard_fail":false,"suggested_protocol":"quic","time":"2026-08-21T05:08:18Z","message":"precheck complete"}
